2026-07-30 22:57:41,060 [INFO] django.utils.autoreload autoreload.run_with_reloader:667 - Watching for file changes with StatReloader
2026-07-30 22:59:57,198 [INFO] django.server basehttp.log_message:213 - "GET /generalparametres/ HTTP/1.1" 200 27573
2026-07-30 22:59:57,537 [INFO] django.server basehttp.log_message:213 - "GET /media/entreprise/tontine.png HTTP/1.1" 304 0
2026-07-30 22:59:58,502 [INFO] django.server basehttp.log_message:213 - "GET /static/css/output.css HTTP/1.1" 200 37682
2026-07-30 23:00:06,401 [INFO] django.server basehttp.log_message:213 - "GET /products/categories/ HTTP/1.1" 200 23274
2026-07-30 23:00:12,573 [ERROR] django.server basehttp.log_message:213 - "GET /products/categories/import/ HTTP/1.1" 500 230414
2026-07-30 23:01:29,741 [INFO] django.server basehttp.log_message:213 - "GET /products/categories/import/ HTTP/1.1" 200 23165
2026-07-30 23:01:29,936 [INFO] django.server basehttp.log_message:213 - "GET /static/css/output.css HTTP/1.1" 304 0
2026-07-30 23:02:24,309 [INFO] django.server basehttp.log_message:213 - "GET /products/categories/ HTTP/1.1" 200 23274
2026-07-30 23:02:24,425 [INFO] django.server basehttp.log_message:213 - "GET /static/css/output.css HTTP/1.1" 304 0
2026-07-30 23:02:26,115 [INFO] django.server basehttp.log_message:213 - "GET /products/categories/nouvelle/ HTTP/1.1" 200 23424
2026-07-30 23:02:51,601 [INFO] django.server basehttp.log_message:213 - "POST /products/categories/nouvelle/ HTTP/1.1" 302 0
2026-07-30 23:02:51,839 [INFO] django.server basehttp.log_message:213 - "GET /products/categories/ HTTP/1.1" 200 23996
2026-07-30 23:02:55,226 [INFO] django.server basehttp.log_message:213 - "GET /static/css/output.css HTTP/1.1" 304 0
2026-07-30 23:03:06,127 [INFO] django.server basehttp.log_message:213 - "GET /products/categories/import/ HTTP/1.1" 200 23165
2026-07-31 00:09:55,130 [INFO] django.server basehttp.log_message:213 - "GET /generaldashboard/ HTTP/1.1" 200 26066
2026-07-31 00:09:55,361 [INFO] django.server basehttp.log_message:213 - "GET /media/entreprise/tontine.png HTTP/1.1" 304 0
2026-07-31 00:09:55,366 [INFO] django.server basehttp.log_message:213 - "GET /static/css/output.css HTTP/1.1" 304 0
2026-07-31 00:10:00,763 [INFO] django.server basehttp.log_message:213 - "GET /products/categories/ HTTP/1.1" 200 23800
2026-07-31 00:48:56,432 [INFO] django.utils.autoreload autoreload.trigger_reload:265 - C:\Users\Fotsingboris\Videos\YOUTUBE\MA_SYS\products\views\category_views.py changed, reloading.
2026-07-31 00:49:08,086 [INFO] django.utils.autoreload autoreload.run_with_reloader:667 - Watching for file changes with StatReloader
2026-07-31 00:49:32,374 [INFO] django.utils.autoreload autoreload.trigger_reload:265 - C:\Users\Fotsingboris\Videos\YOUTUBE\MA_SYS\products\urls.py changed, reloading.
2026-07-31 00:49:37,104 [INFO] django.utils.autoreload autoreload.run_with_reloader:667 - Watching for file changes with StatReloader
2026-07-31 00:49:48,495 [INFO] django.utils.autoreload autoreload.trigger_reload:265 - C:\Users\Fotsingboris\Videos\YOUTUBE\MA_SYS\products\views\category_views.py changed, reloading.
2026-07-31 00:49:52,829 [INFO] django.utils.autoreload autoreload.run_with_reloader:667 - Watching for file changes with StatReloader
2026-07-31 00:50:10,587 [INFO] django.utils.autoreload autoreload.trigger_reload:265 - C:\Users\Fotsingboris\Videos\YOUTUBE\MA_SYS\products\views\category_views.py changed, reloading.
2026-07-31 00:50:14,448 [INFO] django.utils.autoreload autoreload.run_with_reloader:667 - Watching for file changes with StatReloader
2026-07-31 00:50:28,192 [INFO] django.utils.autoreload autoreload.trigger_reload:265 - C:\Users\Fotsingboris\Videos\YOUTUBE\MA_SYS\products\views\category_views.py changed, reloading.
2026-07-31 00:50:37,752 [INFO] django.utils.autoreload autoreload.run_with_reloader:667 - Watching for file changes with StatReloader
2026-07-31 00:50:58,571 [INFO] django.utils.autoreload autoreload.trigger_reload:265 - C:\Users\Fotsingboris\Videos\YOUTUBE\MA_SYS\products\views\category_views.py changed, reloading.
2026-07-31 00:51:11,253 [INFO] django.utils.autoreload autoreload.run_with_reloader:667 - Watching for file changes with StatReloader
2026-07-31 00:51:27,622 [INFO] django.server basehttp.log_message:213 - "GET /products/categories/import/ HTTP/1.1" 200 23653
2026-07-31 00:51:28,614 [INFO] django.server basehttp.log_message:213 - "GET /static/css/output.css HTTP/1.1" 200 37737
2026-07-31 00:51:31,892 [INFO] django.server basehttp.log_message:213 - "GET /products/categories/import/modele/ HTTP/1.1" 200 5216
2026-07-31 00:52:10,716 [INFO] django.server basehttp.log_message:213 - "POST /products/categories/import/ HTTP/1.1" 200 23776
2026-07-31 00:52:10,938 [INFO] django.server basehttp.log_message:213 - "GET /static/css/output.css HTTP/1.1" 304 0
2026-07-31 00:52:24,895 [INFO] django.server basehttp.log_message:213 - "POST /products/categories/import/ HTTP/1.1" 302 0
2026-07-31 00:52:25,043 [INFO] django.server basehttp.log_message:213 - "GET /products/categories/import/ HTTP/1.1" 200 24547
2026-07-31 00:52:39,950 [INFO] django.server basehttp.log_message:213 - "GET /products/categories/import/ HTTP/1.1" 200 24300
2026-07-31 00:52:40,032 [INFO] django.server basehttp.log_message:213 - "GET /static/css/output.css HTTP/1.1" 304 0
2026-07-31 00:52:42,246 [INFO] django.server basehttp.log_message:213 - "GET /products/categories/import/ HTTP/1.1" 200 24300
2026-07-31 00:56:14,623 [INFO] django.server basehttp.log_message:213 - "GET /products/categories/import/ HTTP/1.1" 200 24300
2026-07-31 00:56:15,001 [INFO] django.server basehttp.log_message:213 - "GET /media/entreprise/tontine.png HTTP/1.1" 304 0
2026-07-31 00:56:15,003 [INFO] django.server basehttp.log_message:213 - "GET /static/css/output.css HTTP/1.1" 304 0
2026-07-31 00:56:16,636 [INFO] django.server basehttp.log_message:213 - "GET /products/categories/import/ HTTP/1.1" 200 24300
2026-07-31 00:56:35,761 [INFO] django.server basehttp.log_message:213 - "POST /products/categories/import/ HTTP/1.1" 200 24423
2026-07-31 00:57:10,058 [INFO] django.server basehttp.log_message:213 - "GET /products/categories/ HTTP/1.1" 200 23800
2026-07-31 00:57:10,137 [INFO] django.server basehttp.log_message:213 - "GET /static/css/output.css HTTP/1.1" 304 0
2026-07-31 00:57:12,048 [INFO] django.server basehttp.log_message:213 - "GET /products/categories/import/ HTTP/1.1" 200 24300
2026-07-31 00:57:14,299 [INFO] django.server basehttp.log_message:213 - "GET /products/categories/import/ HTTP/1.1" 200 24300
2026-07-31 00:57:15,423 [INFO] django.server basehttp.log_message:213 - "GET /products/categories/import/ HTTP/1.1" 200 24300
2026-07-31 00:57:27,725 [INFO] django.server basehttp.log_message:213 - "GET /products/categories/ HTTP/1.1" 200 23800
2026-07-31 00:57:29,277 [INFO] django.server basehttp.log_message:213 - "GET /products/categories/import/ HTTP/1.1" 200 24300
2026-07-31 00:57:30,907 [INFO] django.server basehttp.log_message:213 - "GET /products/categories/import/ HTTP/1.1" 200 24300
2026-07-31 00:57:31,724 [INFO] django.server basehttp.log_message:213 - "GET /products/categories/import/ HTTP/1.1" 200 24300
2026-07-31 00:57:34,540 [INFO] django.server basehttp.log_message:213 - "GET /products/categories/import/ HTTP/1.1" 200 24300
2026-07-31 00:57:34,639 [INFO] django.server basehttp.log_message:213 - "GET /static/css/output.css HTTP/1.1" 200 37737
2026-07-31 00:57:34,645 [INFO] django.server basehttp.log_message:213 - "GET /media/entreprise/tontine.png HTTP/1.1" 200 294050
2026-07-31 00:57:35,383 [WARNING] django.server basehttp.log_message:213 - "GET /favicon.ico HTTP/1.1" 404 2993
2026-07-31 00:57:38,303 [INFO] django.server basehttp.log_message:213 - "GET /products/categories/import/ HTTP/1.1" 200 24300
2026-07-31 00:57:38,369 [INFO] django.server basehttp.log_message:213 - "GET /static/css/output.css HTTP/1.1" 200 37737
2026-07-31 00:57:38,375 [INFO] django.server basehttp.log_message:213 - "GET /media/entreprise/tontine.png HTTP/1.1" 200 294050
2026-07-31 00:57:38,529 [WARNING] django.server basehttp.log_message:213 - "GET /favicon.ico HTTP/1.1" 404 2993
2026-07-31 00:57:39,907 [INFO] django.server basehttp.log_message:213 - "GET /products/categories/import/modele/ HTTP/1.1" 200 5217
2026-07-31 00:57:48,984 [INFO] django.server basehttp.log_message:213 - "POST /products/categories/import/ HTTP/1.1" 302 0
2026-07-31 00:57:49,053 [INFO] django.server basehttp.log_message:213 - "GET /products/categories/import/ HTTP/1.1" 200 25359
2026-07-31 09:41:50,937 [INFO] django.utils.autoreload autoreload.trigger_reload:265 - C:\Users\Fotsingboris\Videos\YOUTUBE\MA_SYS\shop_management_system\settings.py changed, reloading.
2026-07-31 09:42:00,550 [INFO] django.utils.autoreload autoreload.run_with_reloader:667 - Watching for file changes with StatReloader
2026-07-31 09:42:29,544 [INFO] django.server basehttp.log_message:213 - "POST /products/categories/import/ HTTP/1.1" 200 25235
2026-07-31 09:42:29,929 [INFO] django.server basehttp.log_message:213 - "GET /static/css/output.css HTTP/1.1" 304 0
2026-07-31 09:42:29,937 [INFO] django.server basehttp.log_message:213 - "GET /media/entreprise/tontine.png HTTP/1.1" 304 0
2026-07-31 09:42:40,634 [INFO] django.server basehttp.log_message:213 - "POST /products/categories/import/ HTTP/1.1" 302 0
2026-07-31 09:42:40,974 [INFO] django.server basehttp.log_message:213 - "GET /products/categories/import/ HTTP/1.1" 200 26179
2026-07-31 09:42:47,839 [INFO] django.server basehttp.log_message:213 - "GET /products/categories/import/ HTTP/1.1" 200 25932
2026-07-31 09:42:49,125 [INFO] django.server basehttp.log_message:213 - "GET /products/categories/import/ HTTP/1.1" 200 25932
2026-07-31 09:42:49,898 [INFO] django.server basehttp.log_message:213 - "GET /products/categories/import/ HTTP/1.1" 200 25932
2026-07-31 09:44:12,954 [INFO] django.utils.autoreload autoreload.trigger_reload:265 - C:\Users\Fotsingboris\Videos\YOUTUBE\MA_SYS\shop_management_system\settings.py changed, reloading.
2026-07-31 09:44:20,469 [INFO] django.utils.autoreload - Watching for file changes with StatReloader
2026-07-31 09:59:00,586 [INFO] django.utils.autoreload - Watching for file changes with StatReloader
2026-07-31 21:48:07,561 [INFO] django.utils.autoreload - Watching for file changes with StatReloader
2026-07-31 21:52:42,305 [WARNING] django.request - Not Found: /favicon.ico
2026-07-31 22:02:48,701 [INFO] django.utils.autoreload - C:\Users\Fotsingboris\Videos\YOUTUBE\MA_SYS\products\views\category_views.py changed, reloading.
2026-07-31 22:03:38,931 [INFO] django.utils.autoreload - Watching for file changes with StatReloader
2026-07-31 22:04:31,718 [INFO] django.utils.autoreload - C:\Users\Fotsingboris\Videos\YOUTUBE\MA_SYS\products\urls.py changed, reloading.
2026-07-31 22:05:02,302 [INFO] django.utils.autoreload - Watching for file changes with StatReloader
2026-07-31 22:35:11,754 [INFO] django.utils.autoreload - C:\Users\Fotsingboris\Videos\YOUTUBE\MA_SYS\products\models.py changed, reloading.
2026-07-31 22:35:39,808 [INFO] django.utils.autoreload - Watching for file changes with StatReloader
2026-07-31 22:38:04,497 [INFO] django.utils.autoreload - C:\Users\Fotsingboris\Videos\YOUTUBE\MA_SYS\products\apps.py changed, reloading.
2026-07-31 22:38:27,479 [INFO] django.utils.autoreload - Watching for file changes with StatReloader
2026-07-31 22:43:29,507 [INFO] django.utils.autoreload - C:\Users\Fotsingboris\Videos\YOUTUBE\MA_SYS\products\admin.py changed, reloading.
2026-07-31 22:43:51,969 [INFO] django.utils.autoreload - Watching for file changes with StatReloader
2026-07-31 22:47:27,014 [INFO] django.utils.autoreload - C:\Users\Fotsingboris\Videos\YOUTUBE\MA_SYS\products\urls.py changed, reloading.
2026-07-31 22:47:40,286 [INFO] django.utils.autoreload - Watching for file changes with StatReloader
